// Jest Snapshot v1, https://goo.gl/fbAQLP

exports[`Transition renders correctly 1`] = `
<TransitionGroup
  childFactory={[Function]}
  component="div"
>
  <CSSTransition
    appear={true}
    className="security--transition"
    classNames={
      Object {
        "appear": "class__transition--appear",
        "appearActive": "class__transition--appear--active",
        "enter": "class__transition--enter",
        "enterActive": "class__transition--enter--active",
        "leave": "class__transition--leave",
        "leaveActive": "class__transition--leave--active",
      }
    }
    component={[Function]}
    timeout={
      Object {
        "appear": 160,
        "enter": 160,
        "exit": 160,
      }
    }
  >
    <span>
      Label
    </span>
  </CSSTransition>
</TransitionGroup>
`;
